// Jest Snapshot v1, https://goo.gl/fbAQLP

exports[`[GET] /resource snapshot test 1`] = `Array []`;
